                                ;invert equ 1    ;1 if we need to invert SDA output (OC used) 
                                ;--changed for MASM 4.0 from IF INVERT to IFDEF INVERT 
                                ;--so, you should just un-comment the 1st line if you want to 
                                ;  enable inversion with MASM 3 
                                ;i2c bus routines 
                                ;i2c device is connected to 8255 as follows: 
                                ;8255 port b (61h) bit 2 - SDA out 
                                ;8255 port b (61h) bit 3 - SCL 
                                ;8255 port c (62h) bit 4 - SDA in 
                                ;2k7 pull-up to SDA 
                                 
                                ;for 8255 chip, SDA out can be tied directly to I2C device. 
                                ;for 82c55 chip, with its strong "1" output current, 
                                ;I2C device must be connected via OC gate or just a 
                                ;transistor tied to port B bit 2 (and inversion must be used!) 
                                 
                                ;L.Yadrennikov june, august 2025, may 2026 
                                 
                                public i2cwr 
                                public i2crd 
                                public i2c_stopreset 
                                 
 = 0061                         port_b           equ 61h 
 = 0062                         port_c           equ 62h 
 = 0002                         sda_out_position equ 2 
 = 0004                         sda_in_position  equ 4 
 = 0004                         sda_out_mask     equ 1 SHL sda_out_position 
 = 0010                         sda_in_mask      equ 1 SHL sda_in_position 
 = 0008                         scl_mask         equ 00001000b 
                                 
                                SCL_HI macro             ;raise SCL 
                                       or  al,scl_mask 
                                       out dx,al 
                                       endm 
                                 
                                SCL_LO macro             ;fall SCL 
                                       and al,not scl_mask 
                                       out dx,al 
                                       endm 
                                 
                                SDA_HI macro             ;raise SDA 
                                ifdef invert 
                                       and al,not sda_out_mask 
                                else 
                                       or  al,sda_out_mask 
                                endif 
                                       out dx,al 
                                       endm 
                                 
                                SDA_LO macro             ;fall SDA 
                                ifdef invert 
                                       or  al,sda_out_mask 
                                else 
                                       and al,not sda_out_mask 
                                endif 
                                       out dx,al 
                                       endm 
                                 
                                I2C_STOP macro           ;issue stop condition 
                                       SDA_LO 
                                       SCL_HI 
                                       SDA_HI 
                                       endm 
                                 
                                I2C_START macro          ;issue start condition 
                                       SDA_LO 
                                       SCL_LO 
                                       endm 
                                 
 0000                           _TEXT segment word public 'CODE' 
                                assume cs:_TEXT 
                                 
 0000                           i2c_stopreset proc near 
                                ;Force i2c reset after undefined bus and/or device state 
                                ;or just generate STOP 
                                ;On call: 
                                ;   CY clear - 9 SCLs, then stop 
                                ;   CY set   - Just stop 
                                ;On return: 
                                ;   Nothing 
 0000  50                              push ax 
 0001  51                              push cx 
 0002  52                              push dx 
 0003  BA 0061                         mov dx,port_b 
 0006  EC                              in al,dx 
 0007  72 11                           jc stopgen 
                                       SCL_LO 
 0009  24 F7                  1        and al,not scl_mask
 000B  EE                     1        out dx,al
                                       SDA_HI 
 000C  24 FB                  1        and al,not sda_out_mask
 000E  EE                     1        out dx,al
 000F  B9 0009                         mov cx,9 
 0012                           scloop: 
                                       SCL_HI 
 0012  0C 08                  1        or  al,scl_mask
 0014  EE                     1        out dx,al
                                       SCL_LO 
 0015  24 F7                  1        and al,not scl_mask
 0017  EE                     1        out dx,al
 0018  E2 F8                           loop scloop 
 001A                           stopgen: 
                                       I2C_STOP 
 001A  0C 04                  2        or  al,sda_out_mask
 001C  EE                     2        out dx,al
 001D  0C 08                  2        or  al,scl_mask
 001F  EE                     2        out dx,al
 0020  24 FB                  2        and al,not sda_out_mask
 0022  EE                     2        out dx,al
 0023  5A                              pop dx 
 0024  59                              pop cx 
 0025  58                              pop ax 
 0026  C3                              ret 
                                i2c_stopreset endp 
                                 
                                 
 0027                           i2cwr proc near 
                                ;Write AH to I2C device 
                                ;On call: 
                                ;   AH - byte for output to I2C device 
                                ;   CY clear - No start condition 
                                ;   CY set   - Start condition 
                                ;On return: 
                                ;   CY clear - All OK 
                                ;   CY set   - No acknowlege bit from device 
 0027  50                              push ax 
 0028  53                              push bx 
 0029  51                              push cx 
 002A  52                              push dx 
 002B  9C                              pushf 
 002C  BA 0061                         mov dx,port_b 
 002F  EC                              in  al,dx 
 0030  24 F3                           and al,not (sda_out_mask or scl_mask) 
 0032  8A D8                           mov bl,al         ;save previous port with 0s at i2c pins 
                                 
 0034  B1 02                           mov cl,sda_out_position 
                                ifdef invert 
 0036  F6 D4                           not ah 
                                endif 
 0038  D2 C4                           rol ah,cl         ;now the highest bit for output to device 
                                                         ;is in proper position 
 003A  B9 0008                         mov cx,8          ;amount of bits to output 
 003D  9D                              popf 
 003E  73 09                           jnc i2cwr_loop 
                                ifdef invert 
 0040  0C 08                           or  al, scl_mask 
                                endif 
 0042  EE                              out dx,al         ;out idle state on i2c 
                                       I2C_START 
 0043  0C 04                  2        or  al,sda_out_mask
 0045  EE                     2        out dx,al
 0046  24 F7                  2        and al,not scl_mask
 0048  EE                     2        out dx,al
 0049                           i2cwr_loop: 
 0049  D0 C4                           rol ah,1 
 004B  B0 04                           mov al,sda_out_mask 
 004D  22 C4                           and al,ah         ;select proper bit 
 004F  0A C3                           or  al,bl         ;put proper DATA bit 
 0051  EE                              out dx,al         ;keep SCL low, out DATA 
                                       SCL_HI 
 0052  0C 08                  1        or  al,scl_mask
 0054  EE                     1        out dx,al
                                       SCL_LO 
 0055  24 F7                  1        and al,not scl_mask
 0057  EE                     1        out dx,al
 0058  E2 EF                           loop i2cwr_loop 
 005A  0C 04                           or  al,sda_out_mask     ;put SDA pin high regardless of inversion settings 
 005C  EE                              out dx,al 
                                       SCL_HI 
 005D  0C 08                  1        or  al,scl_mask
 005F  EE                     1        out dx,al
 0060  E4 62                           in  al,port_c     ;read acknowlege bit 
 0062  8A E0                           mov ah,al 
 0064  EC                              in  al,dx         ;restore port values 
                                       SCL_LO 
 0065  24 F7                  1        and al,not scl_mask
 0067  EE                     1        out dx,al
 0068  F8                              clc 
 0069  80 E4 10                        and ah,sda_in_mask 
 006C  74 01                           jz  wrexit 
 006E  F9                              stc               ;error if Ack<>0 
 006F                           wrexit: 
 006F  5A                              pop dx 
 0070  59                              pop cx 
 0071  5B                              pop bx 
 0072  58                              pop ax 
 0073  C3                              ret 
                                i2cwr endp 
                                 
 0074                           i2crd proc near 
                                ;Read from I2C device to AH 
                                ;On call: 
                                ;   CY clear - Generate acknowlege bit 
                                ;   CY set   - Don't generate acknowlege bit 
                                ;On return: 
                                ;   AH - byte from I2C device 
                                ;   CY clear 
 0074  53                              push bx 
 0075  51                              push cx 
 0076  52                              push dx 
 0077  9C                              pushf 
 0078  BA 0061                         mov dx,port_b 
 007B  EC                              in  al,dx 
                                ifdef invert 
 007C  25 00F7                         and ax,00ffh and not scl_mask 
                                endif 
 007F  B3 10                           mov bl,sda_in_mask 
 0081  B9 0008                         mov cx,8          ;amount of bits to read 
 0084                           i2crd_loop: 
 0084  D0 C4                           rol ah,1 
                                       SDA_HI 
 0086  24 FB                  1        and al,not sda_out_mask
 0088  EE                     1        out dx,al
                                       SCL_HI 
 0089  0C 08                  1        or  al,scl_mask
 008B  EE                     1        out dx,al
 008C  E4 62                           in  al,port_c     ;read next bit 
 008E  22 C3                           and al,bl 
 0090  0A E0                           or  ah,al 
 0092  EC                              in  al,dx         ;restore port values 
                                       SCL_LO 
 0093  24 F7                  1        and al,not scl_mask
 0095  EE                     1        out dx,al
 0096  E2 EC                           loop i2crd_loop 
 0098  9D                              popf 
 0099  72 03                           jc  rd_finshift   ;skip acknowlege byte if desired 
                                       SDA_LO            ;send acknowlege byte 
 009B  0C 04                  1        or  al,sda_out_mask
 009D  EE                     1        out dx,al
 009E                           rd_finshift: 
                                       SCL_HI            ;9th clock in both cases (ack vs no ack) 
 009E  0C 08                  1        or  al,scl_mask
 00A0  EE                     1        out dx,al
                                       SCL_LO 
 00A1  24 F7                  1        and al,not scl_mask
 00A3  EE                     1        out dx,al
 00A4  B1 04                           mov cl,sda_in_position 
 00A6  D2 C4                           rol ah,cl         ;now the highest bit from device 
                                                         ;is in proper position 
 00A8                           rdexit: 
 00A8  F8                              clc 
 00A9  5A                              pop dx 
 00AA  59                              pop cx 
 00AB  5B                              pop bx 
 00AC  C3                              ret 
                                i2crd endp 
                                 
 00AD                           _TEXT ends 
                                 
                                end 

Macros:

		N a m e			Lines

I2C_START  . . . . . . . . . . .  	   2
I2C_STOP . . . . . . . . . . . .  	   3
SCL_HI . . . . . . . . . . . . .  	   2
SCL_LO . . . . . . . . . . . . .  	   2
SDA_HI . . . . . . . . . . . . .  	   6
SDA_LO . . . . . . . . . . . . .  	   6

Segments and Groups:

                N a m e         	Size	Align	Combine Class

_TEXT  . . . . . . . . . . . . .  	00AD	WORD	PUBLIC	'CODE'

Symbols:            

                N a m e         	Type	Value	Attr         

I2CRD  . . . . . . . . . . . . .  	N PROC	0074	_TEXT	Global	Length = 0039
I2CRD_LOOP . . . . . . . . . . .  	L NEAR	0084	_TEXT
I2CWR  . . . . . . . . . . . . .  	N PROC	0027	_TEXT	Global	Length = 004D
I2CWR_LOOP . . . . . . . . . . .  	L NEAR	0049	_TEXT
I2C_STOPRESET  . . . . . . . . .  	N PROC	0000	_TEXT	Global	Length = 0027
INVERT . . . . . . . . . . . . .  	Text  		

PORT_B . . . . . . . . . . . . .  	Number	0061	
PORT_C . . . . . . . . . . . . .  	Number	0062	

RDEXIT . . . . . . . . . . . . .  	L NEAR	00A8	_TEXT
RD_FINSHIFT  . . . . . . . . . .  	L NEAR	009E	_TEXT

SCLOOP . . . . . . . . . . . . .  	L NEAR	0012	_TEXT
SCL_MASK . . . . . . . . . . . .  	Number	0008	
SDA_IN_MASK  . . . . . . . . . .  	Number	0010	
SDA_IN_POSITION  . . . . . . . .  	Number	0004	
SDA_OUT_MASK . . . . . . . . . .  	Number	0004	
SDA_OUT_POSITION . . . . . . . .  	Number	0002	
STOPGEN  . . . . . . . . . . . .  	L NEAR	001A	_TEXT

WREXIT . . . . . . . . . . . . .  	L NEAR	006F	_TEXT


    216 Source  Lines
    283 Total   Lines
     47 Symbols

  49322 Bytes symbol space free

      0 Warning Errors
      0 Severe  Errors
