                                ;invert equ 1    ;1 if we need to invert SDA output (OC used) 
                                ;--changed for MASM 4.0 from IF INVERT to IFDEF INVERT 
                                ;--so, you should just un-comment the 1st line if you want to 
                                ;  enable inversion with MASM 3 
                                ;i2c bus routines 
                                ;i2c device is connected to 8255 as follows: 
                                ;8255 port b (61h) bit 2 - SDA out 
                                ;8255 port b (61h) bit 3 - SCL 
                                ;8255 port c (62h) bit 4 - SDA in 
                                ;2k7 pull-up to SDA 
                                 
                                ;for 8255 chip, SDA out can be tied directly to I2C device. 
                                ;for 82c55 chip, with its strong "1" output current, 
                                ;I2C device must be connected via OC gate or just a 
                                ;transistor tied to port B bit 2 (and inversion must be used!) 
                                 
                                ;L.Yadrennikov jun, aug 2025, may, sep 2026 
                                 
                                public i2cwr 
                                public i2crd 
                                public i2c_stopreset 
                                 
 = 0061                         port_b           equ 61h 
 = 0062                         port_c           equ 62h 
 = 0002                         sda_out_position equ 2 
 = 0004                         sda_in_position  equ 4 
 = 0003                         scl_position     equ 3 
 = 0004                         sda_out_mask     equ 1 SHL sda_out_position 
 = 0010                         sda_in_mask      equ 1 SHL sda_in_position 
 = 0008                         scl_mask         equ 1 SHL scl_position 
                                 
                                SCL_HI macro             ;raise SCL 
                                       or  al,scl_mask 
                                       out dx,al 
                                       endm 
                                 
                                SCL_LO macro             ;fall SCL 
                                       and al,not scl_mask 
                                       out dx,al 
                                       endm 
                                 
                                SDA_HI macro             ;raise SDA 
                                ifdef invert 
                                       and al,not sda_out_mask 
                                else 
                                       or  al,sda_out_mask 
                                endif 
                                       out dx,al 
                                       endm 
                                 
                                SDA_LO macro             ;fall SDA 
                                ifdef invert 
                                       or  al,sda_out_mask 
                                else 
                                       and al,not sda_out_mask 
                                endif 
                                       out dx,al 
                                       endm 
                                 
                                I2C_STOP macro           ;issue stop condition 
                                       SDA_LO 
                                       SCL_HI 
                                       SDA_HI 
                                       endm 
                                 
                                I2C_START macro          ;issue start condition 
                                       SDA_LO 
                                       SCL_LO 
                                       endm 
                                 
 0000                           _TEXT segment word public 'CODE' 
                                assume cs:_TEXT 
                                 
 0000                           i2c_stopreset proc near 
                                ;Force i2c reset after undefined bus and/or device state 
                                ;or just generate STOP 
                                ;On call: 
                                ;   CY clear - 9 SCLs, then stop 
                                ;   CY set   - Just stop 
                                ;On return: 
                                ;   Nothing 
 0000  50                              push ax 
 0001  51                              push cx 
 0002  52                              push dx 
 0003  BA 0061                         mov dx,port_b 
 0006  EC                              in al,dx 
 0007  72 11                           jc stopgen 
                                       SCL_LO 
 0009  24 F7                  1        and al,not scl_mask
 000B  EE                     1        out dx,al
                                       SDA_HI 
 000C  0C 04                  1        or  al,sda_out_mask
 000E  EE                     1        out dx,al
 000F  B9 0009                         mov cx,9 
 0012                           scloop: 
                                       SCL_HI 
 0012  0C 08                  1        or  al,scl_mask
 0014  EE                     1        out dx,al
                                       SCL_LO 
 0015  24 F7                  1        and al,not scl_mask
 0017  EE                     1        out dx,al
 0018  E2 F8                           loop scloop 
 001A                           stopgen: 
                                       I2C_STOP 
 001A  24 FB                  2        and al,not sda_out_mask
 001C  EE                     2        out dx,al
 001D  0C 08                  2        or  al,scl_mask
 001F  EE                     2        out dx,al
 0020  0C 04                  2        or  al,sda_out_mask
 0022  EE                     2        out dx,al
 0023  5A                              pop dx 
 0024  59                              pop cx 
 0025  58                              pop ax 
 0026  C3                              ret 
                                i2c_stopreset endp 
                                 
                                 
 0027                           i2cwr proc near 
                                ;Write AH to I2C device 
                                ;On call: 
                                ;   AH - byte for output to I2C device 
                                ;   CY clear - No start condition 
                                ;   CY set   - Start condition 
                                ;On return: 
                                ;   CY clear - All OK 
                                ;   CY set   - No acknowlege bit from device 
                                ;   AX destroyed 
 0027  53                              push bx 
 0028  51                              push cx 
 0029  52                              push dx 
 002A  9C                              pushf 
 002B  BA 0061                         mov dx,port_b 
 002E  EC                              in  al,dx 
 002F  24 F3                           and al,not (sda_out_mask or scl_mask) 
 0031  8A D8                           mov bl,al         ;save previous port with 0s at i2c pins 
                                 
 0033  B1 02                           mov cl,sda_out_position 
                                endif 
 0035  D2 C4                           rol ah,cl         ;now the highest bit for output to device 
                                                         ;is in proper position 
 0037  B9 0008                         mov cx,8          ;amount of bits to output 
 003A  9D                              popf 
 003B  73 09                           jnc i2cwr_loop 
                                else 
 003D  0C 0C                           or  al, (scl_mask or sda_out_mask) 
                                endif 
 003F  EE                              out dx,al         ;out idle state on i2c 
                                       I2C_START 
 0040  24 FB                  2        and al,not sda_out_mask
 0042  EE                     2        out dx,al
 0043  24 F7                  2        and al,not scl_mask
 0045  EE                     2        out dx,al
 0046                           i2cwr_loop: 
 0046  D0 C4                           rol ah,1 
 0048  B0 04                           mov al,sda_out_mask 
 004A  22 C4                           and al,ah         ;select proper bit 
 004C  0A C3                           or  al,bl         ;put proper DATA bit 
 004E  EE                              out dx,al         ;keep SCL low, out DATA 
                                       SCL_HI 
 004F  0C 08                  1        or  al,scl_mask
 0051  EE                     1        out dx,al
                                       SCL_LO 
 0052  24 F7                  1        and al,not scl_mask
 0054  EE                     1        out dx,al
 0055  E2 EF                           loop i2cwr_loop 
                                       SDA_HI 
 0057  0C 04                  1        or  al,sda_out_mask
 0059  EE                     1        out dx,al
                                ;caveat programmer! If the hardware is non-inverting, 
                                ;and we use inverting routine, then we will get "0" 
                                ;as if we get proper ACK bit, even if device is absent. 
                                ;But if we will always set SDA_OUT to 1, regardless of 
                                ;the inversion settings, on inverting hardware we will 
                                ;always get "0" as if we get proper ACK, even if device 
                                ;is absent. 
                                ;Proper way is to detect I2C harness, inverting or not, 
                                ;by asserting 1 and 0 and reading the results. 
                                ;Now I will put inversion-dependent check in assumption 
                                ;that the pair (routine,hardware) is proper, 
                                ;to be able to check device presence. 
                                       SCL_HI 
 005A  0C 08                  1        or  al,scl_mask
 005C  EE                     1        out dx,al
 005D  E4 62                           in  al,port_c     ;read acknowlege bit 
 005F  8A E0                           mov ah,al 
 0061  EC                              in  al,dx         ;restore port values 
                                       SCL_LO 
 0062  24 F7                  1        and al,not scl_mask
 0064  EE                     1        out dx,al
 0065  80 E4 10                        and ah,sda_in_mask 
 0068  F6 DC                           neg ah            ;1-ah, set CY if ACK<>0 
 006A  5A                              pop dx 
 006B  59                              pop cx 
 006C  5B                              pop bx 
 006D  C3                              ret 
                                i2cwr endp 
                                 
 006E                           i2crd proc near 
                                ;Read from I2C device to AH 
                                ;On call: 
                                ;   CY clear - Generate acknowlege bit 
                                ;   CY set   - Don't generate acknowlege bit 
                                ;On return: 
                                ;   AH - byte from I2C device 
                                ;   CY clear 
 006E  51                              push cx 
 006F  52                              push dx 
 0070  9C                              pushf 
 0071  BA 0061                         mov dx,port_b 
 0074  EC                              in  al,dx 
                                else 
 0075  25 00F3                         and ax,00ffh and not (sda_out_mask or scl_mask) 
                                endif 
 0078  B9 0008                         mov cx,8          ;amount of bits to read 
                                       SDA_HI 
 007B  0C 04                  1        or  al,sda_out_mask
 007D  EE                     1        out dx,al
 007E                           i2crd_loop: 
                                       SCL_HI 
 007E  0C 08                  1        or  al,scl_mask
 0080  EE                     1        out dx,al
 0081  E4 62                           in  al,port_c     ;read next bit 
 0083  24 10                           and al,sda_in_mask 
 0085  F6 D8                           neg al            ;set CF=read bit 
 0087  D0 D4                           rcl ah,1          ;put next bit from CF to AH 
 0089  EC                              in  al,dx         ;restore port values 
                                       SCL_LO 
 008A  24 F7                  1        and al,not scl_mask
 008C  EE                     1        out dx,al
 008D  E2 EF                           loop i2crd_loop 
 008F  9D                              popf 
 0090  72 03                           jc  rd_finshift   ;skip acknowlege byte if desired 
                                       SDA_LO            ;send acknowlege byte 
 0092  24 FB                  1        and al,not sda_out_mask
 0094  EE                     1        out dx,al
 0095                           rd_finshift: 
                                       SCL_HI            ;9th clock in both cases (ack vs no ack) 
 0095  0C 08                  1        or  al,scl_mask
 0097  EE                     1        out dx,al
                                       SCL_LO 
 0098  24 F7                  1        and al,not scl_mask
 009A  EE                     1        out dx,al
 009B  F8                              clc 
 009C  5A                              pop dx 
 009D  59                              pop cx 
 009E  C3                              ret 
                                i2crd endp 
                                 
 009F                           _TEXT ends 
                                 
                                end 

Macros:

		N a m e			Lines

I2C_START  . . . . . . . . . . .  	   2
I2C_STOP . . . . . . . . . . . .  	   3
SCL_HI . . . . . . . . . . . . .  	   2
SCL_LO . . . . . . . . . . . . .  	   2
SDA_HI . . . . . . . . . . . . .  	   6
SDA_LO . . . . . . . . . . . . .  	   6

Segments and Groups:

                N a m e         	Size	Align	Combine Class

_TEXT  . . . . . . . . . . . . .  	009F	WORD	PUBLIC	'CODE'

Symbols:            

                N a m e         	Type	Value	Attr         

I2CRD  . . . . . . . . . . . . .  	N PROC	006E	_TEXT	Global	Length = 0031
I2CRD_LOOP . . . . . . . . . . .  	L NEAR	007E	_TEXT
I2CWR  . . . . . . . . . . . . .  	N PROC	0027	_TEXT	Global	Length = 0047
I2CWR_LOOP . . . . . . . . . . .  	L NEAR	0046	_TEXT
I2C_STOPRESET  . . . . . . . . .  	N PROC	0000	_TEXT	Global	Length = 0027

PORT_B . . . . . . . . . . . . .  	Number	0061	
PORT_C . . . . . . . . . . . . .  	Number	0062	

RD_FINSHIFT  . . . . . . . . . .  	L NEAR	0095	_TEXT

SCLOOP . . . . . . . . . . . . .  	L NEAR	0012	_TEXT
SCL_MASK . . . . . . . . . . . .  	Number	0008	
SCL_POSITION . . . . . . . . . .  	Number	0003	
SDA_IN_MASK  . . . . . . . . . .  	Number	0010	
SDA_IN_POSITION  . . . . . . . .  	Number	0004	
SDA_OUT_MASK . . . . . . . . . .  	Number	0004	
SDA_OUT_POSITION . . . . . . . .  	Number	0002	
STOPGEN  . . . . . . . . . . . .  	L NEAR	001A	_TEXT


    217 Source  Lines
    290 Total   Lines
     45 Symbols

      0 Warning Errors
      0 Severe  Errors
